// Jest Snapshot v1, https://goo.gl/fbAQLP

exports[`parseReconstruction correctly parses a solve replay from a Particula 2x2x2 1`] = `
[
  {
    "label": "unknown",
    "moves": [
      {
        "m": "R",
        "t": 196,
      },
      {
        "m": "F",
        "t": 706,
      },
      {
        "m": "U",
        "t": 1247,
      },
      {
        "m": "F",
        "t": 1457,
      },
      {
        "m": "U'",
        "t": 1757,
      },
      {
        "m": "R",
        "t": 1856,
      },
      {
        "m": "U",
        "t": 2026,
      },
      {
        "m": "F'",
        "t": 2056,
      },
      {
        "m": "U'",
        "t": 2237,
      },
      {
        "m": "R",
        "t": 2567,
      },
      {
        "m": "U",
        "t": 2658,
      },
      {
        "m": "F2",
        "t": 2751,
      },
      {
        "m": "U'",
        "t": 2957,
      },
      {
        "m": "R2",
        "t": 4397,
      },
      {
        "m": "U2",
        "t": 5269,
      },
      {
        "m": "R'",
        "t": 5418,
      },
      {
        "m": "U2",
        "t": 5597,
      },
      {
        "m": "R2",
        "t": 5849,
      },
      {
        "m": "F2",
        "t": 6647,
      },
      {
        "m": "R'",
        "t": 6857,
      },
      {
        "m": "F2",
        "t": 6985,
      },
      {
        "m": "R",
        "t": 7217,
      },
    ],
  },
]
`;

exports[`parseReconstruction correctly parses a solve replay from a Particula 3x3x3 1`] = `
[
  {
    "label": "cross",
    "moves": [
      {
        "m": "B'",
        "t": 298,
      },
      {
        "m": "L",
        "t": 409,
      },
      {
        "m": "B",
        "t": 617,
      },
      {
        "m": "D'",
        "t": 779,
      },
      {
        "m": "U'",
        "t": 1050,
      },
    ],
  },
  {
    "label": "1st pair",
    "moves": [
      {
        "m": "B'",
        "t": 1651,
      },
      {
        "m": "D",
        "t": 1745,
      },
      {
        "m": "B",
        "t": 2015,
      },
    ],
  },
  {
    "label": "2nd pair",
    "moves": [
      {
        "m": "F'",
        "t": 2669,
      },
      {
        "m": "D2",
        "t": 2772,
      },
      {
        "m": "F",
        "t": 3000,
      },
      {
        "m": "D",
        "t": 3179,
      },
      {
        "m": "F'",
        "t": 3301,
      },
      {
        "m": "D'",
        "t": 3417,
      },
      {
        "m": "F",
        "t": 3576,
      },
    ],
  },
  {
    "label": "3rd pair",
    "moves": [
      {
        "m": "D'",
        "t": 3931,
      },
      {
        "m": "B",
        "t": 4027,
      },
      {
        "m": "D2",
        "t": 4292,
      },
      {
        "m": "B'",
        "t": 4509,
      },
      {
        "m": "D2",
        "t": 4587,
      },
      {
        "m": "B",
        "t": 4833,
      },
      {
        "m": "D'",
        "t": 4977,
      },
      {
        "m": "B",
        "t": 5235,
      },
      {
        "m": "B2",
        "t": 5309,
      },
    ],
  },
  {
    "label": "4th pair",
    "moves": [
      {
        "m": "F",
        "t": 5646,
      },
      {
        "m": "D'",
        "t": 5698,
      },
      {
        "m": "F'",
        "t": 5848,
      },
      {
        "m": "D",
        "t": 5910,
      },
      {
        "m": "R'",
        "t": 6719,
      },
      {
        "m": "D2",
        "t": 6864,
      },
      {
        "m": "R",
        "t": 7018,
      },
      {
        "m": "D",
        "t": 7137,
      },
      {
        "m": "R'",
        "t": 7172,
      },
      {
        "m": "D2",
        "t": 7259,
      },
      {
        "m": "R",
        "t": 7437,
      },
    ],
  },
  {
    "label": "OLLCP",
    "moves": [
      {
        "m": "D2",
        "t": 8010,
      },
      {
        "m": "B",
        "t": 8591,
      },
      {
        "m": "R",
        "t": 8703,
      },
      {
        "m": "D",
        "t": 8787,
      },
      {
        "m": "R'",
        "t": 8823,
      },
      {
        "m": "D'",
        "t": 8910,
      },
      {
        "m": "R",
        "t": 9027,
      },
      {
        "m": "D",
        "t": 9087,
      },
      {
        "m": "R'",
        "t": 9157,
      },
      {
        "m": "D'",
        "t": 9207,
      },
      {
        "m": "B'",
        "t": 9327,
      },
    ],
  },
  {
    "label": "EPLL",
    "moves": [
      {
        "m": "D2",
        "t": 9960,
      },
      {
        "m": "R'",
        "t": 10259,
      },
      {
        "m": "D",
        "t": 10319,
      },
      {
        "m": "R'",
        "t": 10365,
      },
      {
        "m": "D'",
        "t": 10482,
      },
      {
        "m": "R'",
        "t": 10648,
      },
      {
        "m": "D'",
        "t": 10678,
      },
      {
        "m": "R'",
        "t": 10767,
      },
      {
        "m": "D",
        "t": 10860,
      },
      {
        "m": "R",
        "t": 11038,
      },
      {
        "m": "D",
        "t": 11127,
      },
      {
        "m": "R2",
        "t": 11355,
      },
    ],
  },
  {
    "label": "AUF",
    "moves": [
      {
        "m": "D2",
        "t": 11496,
      },
    ],
  },
]
`;

exports[`parseReconstruction correctly parses a solve replay from a Rubiks Connected attempt 1`] = `
[
  {
    "label": "cross",
    "moves": [
      {
        "m": "L'",
        "t": 531,
      },
      {
        "m": "R'",
        "t": 616,
      },
      {
        "m": "B",
        "t": 1187,
      },
      {
        "m": "D'",
        "t": 1457,
      },
      {
        "m": "L",
        "t": 1684,
      },
      {
        "m": "U'",
        "t": 1947,
      },
      {
        "m": "B'",
        "t": 2626,
      },
    ],
  },
  {
    "label": "1st pair",
    "moves": [
      {
        "m": "F2",
        "t": 3288,
      },
      {
        "m": "D",
        "t": 3860,
      },
      {
        "m": "F'",
        "t": 4065,
      },
      {
        "m": "D'",
        "t": 4366,
      },
    ],
  },
  {
    "label": "2nd pair",
    "moves": [
      {
        "m": "D'",
        "t": 5176,
      },
      {
        "m": "F2",
        "t": 5298,
      },
      {
        "m": "D",
        "t": 5506,
      },
      {
        "m": "F",
        "t": 5598,
      },
      {
        "m": "U'",
        "t": 5817,
      },
      {
        "m": "F'",
        "t": 5986,
      },
      {
        "m": "U",
        "t": 6137,
      },
    ],
  },
  {
    "label": "3rd pair",
    "moves": [
      {
        "m": "D'",
        "t": 6412,
      },
      {
        "m": "F",
        "t": 6467,
      },
      {
        "m": "D",
        "t": 6676,
      },
      {
        "m": "R'",
        "t": 7187,
      },
      {
        "m": "F2",
        "t": 7312,
      },
      {
        "m": "R",
        "t": 7547,
      },
      {
        "m": "F'",
        "t": 7726,
      },
      {
        "m": "U",
        "t": 7880,
      },
      {
        "m": "F",
        "t": 8027,
      },
      {
        "m": "U'",
        "t": 8147,
      },
    ],
  },
  {
    "label": "4th pair",
    "moves": [
      {
        "m": "R",
        "t": 8536,
      },
      {
        "m": "F'",
        "t": 8631,
      },
      {
        "m": "R'",
        "t": 8716,
      },
      {
        "m": "D",
        "t": 8986,
      },
      {
        "m": "R'",
        "t": 9136,
      },
      {
        "m": "D'",
        "t": 9269,
      },
      {
        "m": "R",
        "t": 9316,
      },
    ],
  },
  {
    "label": "OLLCP",
    "moves": [
      {
        "m": "F2",
        "t": 9856,
      },
      {
        "m": "F",
        "t": 10465,
      },
      {
        "m": "U",
        "t": 10736,
      },
      {
        "m": "F",
        "t": 11031,
      },
      {
        "m": "L",
        "t": 11116,
      },
      {
        "m": "F'",
        "t": 11207,
      },
      {
        "m": "L'",
        "t": 11296,
      },
      {
        "m": "U'",
        "t": 11514,
      },
      {
        "m": "F'",
        "t": 11687,
      },
      {
        "m": "D",
        "t": 11972,
      },
      {
        "m": "R",
        "t": 12048,
      },
      {
        "m": "F",
        "t": 12196,
      },
      {
        "m": "R'",
        "t": 12296,
      },
      {
        "m": "F'",
        "t": 12346,
      },
      {
        "m": "D'",
        "t": 12498,
      },
    ],
  },
  {
    "label": "EPLL",
    "moves": [
      {
        "m": "R'",
        "t": 13126,
      },
      {
        "m": "F",
        "t": 13186,
      },
      {
        "m": "R'",
        "t": 13247,
      },
      {
        "m": "F'",
        "t": 13401,
      },
      {
        "m": "R'",
        "t": 13608,
      },
      {
        "m": "F'",
        "t": 13669,
      },
      {
        "m": "R'",
        "t": 13890,
      },
      {
        "m": "F",
        "t": 13969,
      },
      {
        "m": "R",
        "t": 14104,
      },
      {
        "m": "F",
        "t": 14146,
      },
      {
        "m": "R2",
        "t": 14266,
      },
    ],
  },
]
`;
